// Jest Snapshot v1, https://goo.gl/fbAQLP

exports[`Map should render map container without crashing 1`] = `
<div
  style={
    Object {
      "height": "calc(100vh - 64px)",
    }
  }
>
  <div
    style={
      Object {
        "height": "100%",
      }
    }
  />
  <div />
</div>
`;
